--------------------------------------------------------------------------------------
Timing Analyzer Summary
--------------------------------------------------------------------------------------

Type           : Worst-case tsu
Slack          : N/A
Required Time  : None
Actual Time    : 5.473 ns
From           : INT
To             : PipelineUniProcessor:IntelInside|PC-BUFFER:PCBUFFER|dffe32bit:inst|dffe8bit:diff32Part4|inst1
From Clock     : --
To Clock       : CLK
Failed Paths   : 0

Type           : Worst-case tco
Slack          : N/A
Required Time  : None
Actual Time    : 10.927 ns
From           : PipelineUniProcessor:IntelInside|PC-BUFFER:PCBUFFER|dffe32bit:inst|dffe8bit:diff32Part4|inst5
To             : TESTPC[6]
From Clock     : CLK
To Clock       : --
Failed Paths   : 0

Type           : Worst-case th
Slack          : N/A
Required Time  : None
Actual Time    : -2.312 ns
From           : INT
To             : PipelineUniProcessor:IntelInside|IF-ID-INSTPC-BUFFER:inst1|dffe32bit:PCREGBUFFER|dffe8bit:diff32Part4|inst4
From Clock     : --
To Clock       : CLK
Failed Paths   : 0

Type           : Clock Setup: 'CLK'
Slack          : N/A
Required Time  : None
Actual Time    : 71.05 MHz ( period = 14.074 ns )
From           : PipelineUniProcessor:IntelInside|RegFile32x32:Regs|dffe32bit:inst7|dffe8bit:diff32Part1|inst3
To             : PipelineUniProcessor:IntelInside|IF-ID-INSTPC-BUFFER:inst1|dffe32bit:PCREGBUFFER|dffe8bit:diff32Part2|inst5
From Clock     : CLK
To Clock       : CLK
Failed Paths   : 0

Type           : Total number of failed paths
Slack          : 
Required Time  : 
Actual Time    : 
From           : 
To             : 
From Clock     : 
To Clock       : 
Failed Paths   : 0

--------------------------------------------------------------------------------------

