--------------------------------------------------------------------------------------
Timing Analyzer Summary
--------------------------------------------------------------------------------------

Type           : Worst-case tsu
Slack          : N/A
Required Time  : None
Actual Time    : 5.368 ns
From           : INT
To             : PipelineUniProcessor:IntelInside|PC-BUFFER:PCBUFFER|dffe32bit:inst|dffe8bit:diff32Part3|inst5
From Clock     : --
To Clock       : CLK
Failed Paths   : 0

Type           : Worst-case tco
Slack          : N/A
Required Time  : None
Actual Time    : 14.759 ns
From           : PipelineUniProcessor:IntelInside|ID-EXE-SIGNAL-BUFFER:inst13|inst10
To             : TESTEQU
From Clock     : CLK
To Clock       : --
Failed Paths   : 0

Type           : Worst-case th
Slack          : N/A
Required Time  : None
Actual Time    : -3.245 ns
From           : INT
To             : PipelineUniProcessor:IntelInside|IF-ID-INSTPC-BUFFER:inst1|dffe32bit:PCREGBUFFER|dffe8bit:diff32Part4|inst
From Clock     : --
To Clock       : CLK
Failed Paths   : 0

Type           : Clock Setup: 'CLK'
Slack          : N/A
Required Time  : None
Actual Time    : 64.67 MHz ( period = 15.462 ns )
From           : PipelineUniProcessor:IntelInside|RegFile32x32:Regs|dffe32bit:inst4|dffe8bit:diff32Part4|inst3
To             : PipelineUniProcessor:IntelInside|IF-ID-INSTPC-BUFFER:inst1|dffe32bit:PCREGBUFFER|dffe8bit:diff32Part2|inst
From Clock     : CLK
To Clock       : CLK
Failed Paths   : 0

Type           : Total number of failed paths
Slack          : 
Required Time  : 
Actual Time    : 
From           : 
To             : 
From Clock     : 
To Clock       : 
Failed Paths   : 0

--------------------------------------------------------------------------------------

