Flow report for PipelineUniProcessor
Wed Nov 04 18:44:10 2009
Quartus II Version 9.0 Build 132 02/25/2009 SJ Full Version


---------------------
; Table of Contents ;
---------------------
  1. Legal Notice
  2. Flow Summary
  3. Flow Settings
  4. Flow Non-Default Global Settings
  5. Flow Elapsed Time
  6. Flow OS Summary
  7. Flow Log



----------------
; Legal Notice ;
----------------
Copyright (C) 1991-2009 Altera Corporation
Your use of Altera Corporation's design tools, logic functions 
and other software and tools, and its AMPP partner logic 
functions, and any output files from any of the foregoing 
(including device programming or simulation files), and any 
associated documentation or information are expressly subject 
to the terms and conditions of the Altera Program License 
Subscription Agreement, Altera MegaCore Function License 
Agreement, or other applicable license agreement, including, 
without limitation, that your use is for the sole purpose of 
programming logic devices manufactured by Altera and sold by 
Altera or its authorized distributors.  Please refer to the 
applicable agreement for further details.



+--------------------------------------------------------------------------+
; Flow Summary                                                             ;
+-------------------------------+------------------------------------------+
; Flow Status                   ; Successful - Wed Nov 04 18:44:10 2009    ;
; Quartus II Version            ; 9.0 Build 132 02/25/2009 SJ Full Version ;
; Revision Name                 ; PipelineUniProcessor                     ;
; Top-level Entity Name         ; InstMem                                  ;
; Family                        ; Stratix III                              ;
; Device                        ; EP3SL340F1760I4                          ;
; Timing Models                 ; Final                                    ;
; Met timing requirements       ; N/A                                      ;
; Logic utilization             ; < 1 %                                    ;
;     Combinational ALUTs       ; 1 / 270,400 ( < 1 % )                    ;
;     Memory ALUTs              ; 0 / 135,200 ( 0 % )                      ;
;     Dedicated logic registers ; 0 / 270,400 ( 0 % )                      ;
; Total registers               ; 0                                        ;
; Total pins                    ; 65 / 1,120 ( 6 % )                       ;
; Total virtual pins            ; 0                                        ;
; Total block memory bits       ; 1,024 / 16,662,528 ( < 1 % )             ;
; DSP block 18-bit elements     ; 0 / 576 ( 0 % )                          ;
; Total PLLs                    ; 0 / 12 ( 0 % )                           ;
; Total DLLs                    ; 0 / 4 ( 0 % )                            ;
+-------------------------------+------------------------------------------+


+------------------------------------------+
; Flow Settings                            ;
+-------------------+----------------------+
; Option            ; Setting              ;
+-------------------+----------------------+
; Start date & time ; 11/04/2009 18:40:42  ;
; Main task         ; Compilation          ;
; Revision Name     ; PipelineUniProcessor ;
+-------------------+----------------------+


+-------------------------------------------------------------------------------------------------------------------------------------------------------+
; Flow Non-Default Global Settings                                                                                                                      ;
+------------------------------------+----------------------------------------------+------------------------------+-------------+----------------------+
; Assignment Name                    ; Value                                        ; Default Value                ; Entity Name ; Section Id           ;
+------------------------------------+----------------------------------------------+------------------------------+-------------+----------------------+
; COMPILER_SIGNATURE_ID              ; 81638347583.125733124203452                  ; --                           ; --          ; --                   ;
; EDA_DESIGN_ENTRY_SYNTHESIS_TOOL    ; Design Compiler                              ; <None>                       ; --          ; --                   ;
; EDA_INPUT_DATA_FORMAT              ; Verilog Hdl                                  ; --                           ; --          ; eda_design_synthesis ;
; EDA_INPUT_VCC_NAME                 ; Vdd                                          ; --                           ; --          ; eda_design_synthesis ;
; EDA_LMF_FILE                       ; altsyn.lmf                                   ; --                           ; --          ; eda_design_synthesis ;
; EDA_OUTPUT_DATA_FORMAT             ; Vhdl                                         ; --                           ; --          ; eda_simulation       ;
; EDA_OUTPUT_DATA_FORMAT             ; Verilog Hdl                                  ; --                           ; --          ; eda_timing_analysis  ;
; EDA_SIMULATION_TOOL                ; ModelSim-Altera (VHDL)                       ; <None>                       ; --          ; --                   ;
; EDA_TIMING_ANALYSIS_TOOL           ; PrimeTime (Verilog)                          ; <None>                       ; --          ; --                   ;
; INCREMENTAL_COMPILATION            ; Off                                          ; FULL_INCREMENTAL_COMPILATION ; --          ; --                   ;
; IP_TOOL_NAME                       ; RAM: 2-PORT                                  ; --                           ; --          ; --                   ;
; IP_TOOL_NAME                       ; LPM_COMPARE                                  ; --                           ; --          ; --                   ;
; IP_TOOL_NAME                       ; LPM_AND                                      ; --                           ; --          ; --                   ;
; IP_TOOL_NAME                       ; LPM_OR                                       ; --                           ; --          ; --                   ;
; IP_TOOL_NAME                       ; LPM_ADD_SUB                                  ; --                           ; --          ; --                   ;
; IP_TOOL_NAME                       ; LPM_CLSHIFT                                  ; --                           ; --          ; --                   ;
; IP_TOOL_NAME                       ; LPM_CLSHIFT                                  ; --                           ; --          ; --                   ;
; IP_TOOL_NAME                       ; LPM_RAM_DQ                                   ; --                           ; --          ; --                   ;
; IP_TOOL_VERSION                    ; 9.0                                          ; --                           ; --          ; --                   ;
; IP_TOOL_VERSION                    ; 9.0                                          ; --                           ; --          ; --                   ;
; IP_TOOL_VERSION                    ; 9.0                                          ; --                           ; --          ; --                   ;
; IP_TOOL_VERSION                    ; 9.0                                          ; --                           ; --          ; --                   ;
; IP_TOOL_VERSION                    ; 9.0                                          ; --                           ; --          ; --                   ;
; IP_TOOL_VERSION                    ; 9.0                                          ; --                           ; --          ; --                   ;
; IP_TOOL_VERSION                    ; 9.0                                          ; --                           ; --          ; --                   ;
; IP_TOOL_VERSION                    ; 9.0                                          ; --                           ; --          ; --                   ;
; MAX_CORE_JUNCTION_TEMP             ; 100                                          ; --                           ; --          ; --                   ;
; MIN_CORE_JUNCTION_TEMP             ; -40                                          ; --                           ; --          ; --                   ;
; MISC_FILE                          ; ../Modules/InstMem/InstMemCore.bsf           ; --                           ; --          ; --                   ;
; MISC_FILE                          ; ../Modules/InstMem/InstMemCore.cmp           ; --                           ; --          ; --                   ;
; MISC_FILE                          ; Comp32.tdf                                   ; --                           ; --          ; --                   ;
; MISC_FILE                          ; Comp32.bsf                                   ; --                           ; --          ; --                   ;
; MISC_FILE                          ; Comp32.cmp                                   ; --                           ; --          ; --                   ;
; MISC_FILE                          ; ../Modules/gates/lpm_and32bit.bsf            ; --                           ; --          ; --                   ;
; MISC_FILE                          ; ../Modules/gates/lpm_and32bit.cmp            ; --                           ; --          ; --                   ;
; MISC_FILE                          ; ../Modules/gates/lpm_or32bit.bsf             ; --                           ; --          ; --                   ;
; MISC_FILE                          ; ../Modules/gates/lpm_or32bit.cmp             ; --                           ; --          ; --                   ;
; MISC_FILE                          ; ../Modules/add/lpm_add_sub32BIT.bsf          ; --                           ; --          ; --                   ;
; MISC_FILE                          ; ../Modules/add/lpm_add_sub32BIT.cmp          ; --                           ; --          ; --                   ;
; MISC_FILE                          ; ../Modules/gates/lpm_clLogicalshift32bit.bsf ; --                           ; --          ; --                   ;
; MISC_FILE                          ; ../Modules/gates/lpm_clLogicalshift32bit.cmp ; --                           ; --          ; --                   ;
; MISC_FILE                          ; ../Modules/gates/lpm_clArithshift32bit.bsf   ; --                           ; --          ; --                   ;
; MISC_FILE                          ; ../Modules/gates/lpm_clArithshift32bit.cmp   ; --                           ; --          ; --                   ;
; MISC_FILE                          ; ../MotherBoard/Memory/DataRAM.bsf            ; --                           ; --          ; --                   ;
; MISC_FILE                          ; ../MotherBoard/Memory/DataRAM.cmp            ; --                           ; --          ; --                   ;
; NOMINAL_CORE_SUPPLY_VOLTAGE        ; 1.1V                                         ; --                           ; --          ; --                   ;
; TOP_LEVEL_ENTITY                   ; InstMem                                      ; PipelineUniProcessor         ; --          ; --                   ;
; USE_GENERATED_PHYSICAL_CONSTRAINTS ; Off                                          ; --                           ; --          ; eda_blast_fpga       ;
+------------------------------------+----------------------------------------------+------------------------------+-------------+----------------------+


+-------------------------------------------------------------------------------------------------------------------------------+
; Flow Elapsed Time                                                                                                             ;
+---------------------------+--------------+-------------------------+---------------------+------------------------------------+
; Module Name               ; Elapsed Time ; Average Processors Used ; Peak Virtual Memory ; Total CPU Time (on all processors) ;
+---------------------------+--------------+-------------------------+---------------------+------------------------------------+
; Analysis & Synthesis      ; 00:00:05     ; 1.0                     ; 220 MB              ; 00:00:05                           ;
; Fitter                    ; 00:01:43     ; 1.0                     ; 544 MB              ; 00:01:42                           ;
; Assembler                 ; 00:01:09     ; 1.0                     ; 754 MB              ; 00:01:08                           ;
; TimeQuest Timing Analyzer ; 00:00:17     ; 1.0                     ; 338 MB              ; 00:00:15                           ;
; EDA Netlist Writer        ; 00:00:04     ; 1.0                     ; 162 MB              ; 00:00:04                           ;
; Total                     ; 00:03:18     ; --                      ; --                  ; 00:03:14                           ;
+---------------------------+--------------+-------------------------+---------------------+------------------------------------+


+-----------------------------------------------------------------------------------------+
; Flow OS Summary                                                                         ;
+---------------------------+------------------+------------+------------+----------------+
; Module Name               ; Machine Hostname ; OS Name    ; OS Version ; Processor type ;
+---------------------------+------------------+------------+------------+----------------+
; Analysis & Synthesis      ; founder-c5fd0b3  ; Windows XP ; 5.1        ; i686           ;
; Fitter                    ; founder-c5fd0b3  ; Windows XP ; 5.1        ; i686           ;
; Assembler                 ; founder-c5fd0b3  ; Windows XP ; 5.1        ; i686           ;
; TimeQuest Timing Analyzer ; founder-c5fd0b3  ; Windows XP ; 5.1        ; i686           ;
; EDA Netlist Writer        ; founder-c5fd0b3  ; Windows XP ; 5.1        ; i686           ;
+---------------------------+------------------+------------+------------+----------------+


------------
; Flow Log ;
------------
quartus_map --read_settings_files=on --write_settings_files=off PipelineUniProcessor -c PipelineUniProcessor
quartus_fit --read_settings_files=off --write_settings_files=off PipelineUniProcessor -c PipelineUniProcessor
quartus_asm --read_settings_files=off --write_settings_files=off PipelineUniProcessor -c PipelineUniProcessor
quartus_sta PipelineUniProcessor -c PipelineUniProcessor
quartus_eda --read_settings_files=off --write_settings_files=off PipelineUniProcessor -c PipelineUniProcessor



