--------------------------------------------------------------------------------------
Timing Analyzer Summary
--------------------------------------------------------------------------------------

Type           : Worst-case tsu
Slack          : N/A
Required Time  : None
Actual Time    : 5.403 ns
From           : RESET
To             : Coprocessor:Coprocessor|DataCache:INSTCACHE|CacheEntry:inst5|data[97]
From Clock     : --
To Clock       : CLK
Failed Paths   : 0

Type           : Worst-case tco
Slack          : N/A
Required Time  : None
Actual Time    : 16.530 ns
From           : PipelineUniProcessor:IntelInside|ID-EXE-SIGNAL-BUFFER:inst13|dffe8bit:inst|inst
To             : TESTEQU
From Clock     : CLK
To Clock       : --
Failed Paths   : 0

Type           : Worst-case th
Slack          : N/A
Required Time  : None
Actual Time    : -2.513 ns
From           : RESET
To             : Coprocessor:Coprocessor|DataCache:INSTCACHE|CacheEntry:inst|vld
From Clock     : --
To Clock       : CLK
Failed Paths   : 0

Type           : Clock Setup: 'CLK'
Slack          : N/A
Required Time  : None
Actual Time    : 66.31 MHz ( period = 15.080 ns )
From           : PipelineUniProcessor:IntelInside|RegFile32x32:Regs|dffe32bit:inst1|dffe8bit:diff32Part1|inst7
To             : PipelineUniProcessor:IntelInside|IF-ID-INSTPC-BUFFER:inst1|dffe32bit:PCREGBUFFER|dffe8bit:diff32Part1|inst1
From Clock     : CLK
To Clock       : CLK
Failed Paths   : 0

Type           : Total number of failed paths
Slack          : 
Required Time  : 
Actual Time    : 
From           : 
To             : 
From Clock     : 
To Clock       : 
Failed Paths   : 0

--------------------------------------------------------------------------------------

