--------------------------------------------------------------------------------------
Timing Analyzer Summary
--------------------------------------------------------------------------------------

Type           : Worst-case tsu
Slack          : N/A
Required Time  : None
Actual Time    : 8.236 ns
From           : TESTPC2[11]
To             : Coprocessor:Coprocessor|DataCache:INSTCACHE|CacheEntry:inst9|DATAOUT[13]
From Clock     : --
To Clock       : CLK
Failed Paths   : 0

Type           : Worst-case tco
Slack          : N/A
Required Time  : None
Actual Time    : 17.031 ns
From           : PipelineUniProcessor:IntelInside|ID-EXE-SIGNAL-BUFFER:inst13|inst10
To             : TESTEQU
From Clock     : CLK
To Clock       : --
Failed Paths   : 0

Type           : Worst-case tpd
Slack          : N/A
Required Time  : None
Actual Time    : 11.459 ns
From           : TESTPC2[3]
To             : TESTSELADDR[3]
From Clock     : --
To Clock       : --
Failed Paths   : 0

Type           : Worst-case th
Slack          : N/A
Required Time  : None
Actual Time    : -1.361 ns
From           : TESTPC2[27]
To             : Coprocessor:Coprocessor|DataCache:INSTCACHE|DataCacheControlUnit:inst15|MEMADDR[27]
From Clock     : --
To Clock       : CLK
Failed Paths   : 0

Type           : Clock Setup: 'CLK'
Slack          : N/A
Required Time  : None
Actual Time    : 70.44 MHz ( period = 14.196 ns )
From           : PipelineUniProcessor:IntelInside|RegFile32x32:Regs|dffe32bit:inst23|dffe8bit:diff32Part2|inst6
To             : PipelineUniProcessor:IntelInside|IF-ID-INSTPC-BUFFER:inst1|dffe32bit:PCREGBUFFER|dffe8bit:diff32Part3|inst3
From Clock     : CLK
To Clock       : CLK
Failed Paths   : 0

Type           : Total number of failed paths
Slack          : 
Required Time  : 
Actual Time    : 
From           : 
To             : 
From Clock     : 
To Clock       : 
Failed Paths   : 0

--------------------------------------------------------------------------------------

